{"timestamp":"2026-08-22T16:37:30.800822Z","level":"info","event":"DAG bundles loaded: dags-folder","filename":"manager.py","lineno":179,"logger":"task"}
{"timestamp":"2026-08-22T16:37:30.803290Z","level":"info","event":"Filling up the DagBag from /opt/airflow/dags/sqlserver_to_postgres_dag.py","filename":"dagbag.py","lineno":593,"logger":"task"}
{"timestamp":"2026-08-22T16:37:30.842648Z","level":"warning","event":"The `airflow.decorators.dag` attribute is deprecated. Please use `'airflow.sdk.dag'`.","category":"DeprecatedImportWarning","filename":"/opt/airflow/dags/sqlserver_to_postgres_dag.py","lineno":4,"logger":"task"}
{"timestamp":"2026-08-22T16:37:30.843101Z","level":"warning","event":"The `airflow.operators.bash.BashOperator` attribute is deprecated. Please use `'airflow.providers.standard.operators.bash.BashOperator'`.","category":"DeprecatedImportWarning","filename":"/opt/airflow/dags/sqlserver_to_postgres_dag.py","lineno":5,"logger":"task"}
{"timestamp":"2026-08-22T16:37:30.850036Z","level":"info","event":"Stats instance was created in PID 7 but accessed in PID 1448. Re-initializing.","logger":"airflow.stats","filename":"stats.py","lineno":57}
{"timestamp":"2026-08-22T16:37:30.948490Z","level":"info","event":"Tmp dir root location: /tmp","filename":"subprocess.py","lineno":78,"logger":"task"}
{"timestamp":"2026-08-22T16:37:30.951463Z","level":"info","event":"Running command: ['/usr/bin/bash', '-c', 'dbt run --project-dir /opt/airflow/dbt/adventureworks_dwh --profiles-dir /opt/airflow/dbt/adventureworks_dwh --select staging']","filename":"subprocess.py","lineno":80,"logger":"task"}
{"timestamp":"2026-08-22T16:37:30.953463Z","level":"info","event":"Output:","filename":"subprocess.py","lineno":92,"logger":"task"}
{"timestamp":"2026-08-22T16:37:37.514931Z","level":"info","event":"\u001b[0m16:37:37  Running with dbt=1.8.8","filename":"subprocess.py","lineno":99,"logger":"task"}
{"timestamp":"2026-08-22T16:37:38.678643Z","level":"info","event":"\u001b[0m16:37:38  Registered adapter: postgres=1.8.2","filename":"subprocess.py","lineno":99,"logger":"task"}
{"timestamp":"2026-08-22T16:37:40.323449Z","level":"info","event":"\u001b[0m16:37:40  Found 50 models, 24 data tests, 35 sources, 424 macros","filename":"subprocess.py","lineno":99,"logger":"task"}
{"timestamp":"2026-08-22T16:37:40.342831Z","level":"info","event":"\u001b[0m16:37:40","filename":"subprocess.py","lineno":99,"logger":"task"}
{"timestamp":"2026-08-22T16:37:41.156244Z","level":"info","event":"\u001b[0m16:37:41  Concurrency: 4 threads (target='dev')","filename":"subprocess.py","lineno":99,"logger":"task"}
{"timestamp":"2026-08-22T16:37:41.157982Z","level":"info","event":"\u001b[0m16:37:41","filename":"subprocess.py","lineno":99,"logger":"task"}
{"timestamp":"2026-08-22T16:37:41.178833Z","level":"info","event":"\u001b[0m16:37:41  1 of 33 START sql view model stage.stg_address ................................. [RUN]","filename":"subprocess.py","lineno":99,"logger":"task"}
{"timestamp":"2026-08-22T16:37:41.181113Z","level":"info","event":"\u001b[0m16:37:41  2 of 33 START sql view model stage.stg_address_type ............................ [RUN]","filename":"subprocess.py","lineno":99,"logger":"task"}
{"timestamp":"2026-08-22T16:37:41.182880Z","level":"info","event":"\u001b[0m16:37:41  3 of 33 START sql view model stage.stg_business_entity ......................... [RUN]","filename":"subprocess.py","lineno":99,"logger":"task"}
{"timestamp":"2026-08-22T16:37:41.184679Z","level":"info","event":"\u001b[0m16:37:41  4 of 33 START sql view model stage.stg_business_entity_address ................. [RUN]","filename":"subprocess.py","lineno":99,"logger":"task"}
{"timestamp":"2026-08-22T16:37:42.318382Z","level":"info","event":"\u001b[0m16:37:42  2 of 33 OK created sql view model stage.stg_address_type ....................... [\u001b[32mCREATE VIEW\u001b[0m in 1.12s]","filename":"subprocess.py","lineno":99,"logger":"task"}
{"timestamp":"2026-08-22T16:37:42.322807Z","level":"info","event":"\u001b[0m16:37:42  3 of 33 OK created sql view model stage.stg_business_entity .................... [\u001b[32mCREATE VIEW\u001b[0m in 1.13s]","filename":"subprocess.py","lineno":99,"logger":"task"}
{"timestamp":"2026-08-22T16:37:42.326497Z","level":"info","event":"\u001b[0m16:37:42  1 of 33 OK created sql view model stage.stg_address ............................ [\u001b[32mCREATE VIEW\u001b[0m in 1.14s]","filename":"subprocess.py","lineno":99,"logger":"task"}
{"timestamp":"2026-08-22T16:37:42.331392Z","level":"info","event":"\u001b[0m16:37:42  4 of 33 OK created sql view model stage.stg_business_entity_address ............ [\u001b[32mCREATE VIEW\u001b[0m in 1.14s]","filename":"subprocess.py","lineno":99,"logger":"task"}
{"timestamp":"2026-08-22T16:37:42.358072Z","level":"info","event":"\u001b[0m16:37:42  5 of 33 START sql view model stage.stg_country_region .......................... [RUN]","filename":"subprocess.py","lineno":99,"logger":"task"}
{"timestamp":"2026-08-22T16:37:42.360854Z","level":"info","event":"\u001b[0m16:37:42  6 of 33 START sql view model stage.stg_currency ................................ [RUN]","filename":"subprocess.py","lineno":99,"logger":"task"}
{"timestamp":"2026-08-22T16:37:42.364387Z","level":"info","event":"\u001b[0m16:37:42  7 of 33 START sql view model stage.stg_currency_rate ........................... [RUN]","filename":"subprocess.py","lineno":99,"logger":"task"}
{"timestamp":"2026-08-22T16:37:42.367093Z","level":"info","event":"\u001b[0m16:37:42  8 of 33 START sql view model stage.stg_customer ................................ [RUN]","filename":"subprocess.py","lineno":99,"logger":"task"}
{"timestamp":"2026-08-22T16:37:42.928799Z","level":"info","event":"\u001b[0m16:37:42  8 of 33 OK created sql view model stage.stg_customer ........................... [\u001b[32mCREATE VIEW\u001b[0m in 0.56s]","filename":"subprocess.py","lineno":99,"logger":"task"}
{"timestamp":"2026-08-22T16:37:42.965407Z","level":"info","event":"\u001b[0m16:37:42  9 of 33 START sql view model stage.stg_department .............................. [RUN]","filename":"subprocess.py","lineno":99,"logger":"task"}
{"timestamp":"2026-08-22T16:37:42.976608Z","level":"info","event":"\u001b[0m16:37:42  6 of 33 OK created sql view model stage.stg_currency ........................... [\u001b[32mCREATE VIEW\u001b[0m in 0.60s]","filename":"subprocess.py","lineno":99,"logger":"task"}
{"timestamp":"2026-08-22T16:37:42.981245Z","level":"info","event":"\u001b[0m16:37:42  7 of 33 OK created sql view model stage.stg_currency_rate ...................... [\u001b[32mCREATE VIEW\u001b[0m in 0.61s]","filename":"subprocess.py","lineno":99,"logger":"task"}
{"timestamp":"2026-08-22T16:37:42.993117Z","level":"info","event":"\u001b[0m16:37:42  5 of 33 OK created sql view model stage.stg_country_region ..................... [\u001b[32mCREATE VIEW\u001b[0m in 0.62s]","filename":"subprocess.py","lineno":99,"logger":"task"}
{"timestamp":"2026-08-22T16:37:43.022593Z","level":"info","event":"\u001b[0m16:37:43  10 of 33 START sql view model stage.stg_email_address .......................... [RUN]","filename":"subprocess.py","lineno":99,"logger":"task"}
{"timestamp":"2026-08-22T16:37:43.031185Z","level":"info","event":"\u001b[0m16:37:43  11 of 33 START sql view model stage.stg_employee ............................... [RUN]","filename":"subprocess.py","lineno":99,"logger":"task"}
{"timestamp":"2026-08-22T16:37:43.036888Z","level":"info","event":"\u001b[0m16:37:43  12 of 33 START sql view model stage.stg_employee_department_history ............ [RUN]","filename":"subprocess.py","lineno":99,"logger":"task"}
{"timestamp":"2026-08-22T16:37:43.576436Z","level":"info","event":"\u001b[0m16:37:43  9 of 33 OK created sql view model stage.stg_department ......................... [\u001b[32mCREATE VIEW\u001b[0m in 0.59s]","filename":"subprocess.py","lineno":99,"logger":"task"}
{"timestamp":"2026-08-22T16:37:43.615859Z","level":"info","event":"\u001b[0m16:37:43  13 of 33 START sql view model stage.stg_location ............................... [RUN]","filename":"subprocess.py","lineno":99,"logger":"task"}
{"timestamp":"2026-08-22T16:37:43.752357Z","level":"info","event":"\u001b[0m16:37:43  11 of 33 OK created sql view model stage.stg_employee .......................... [\u001b[32mCREATE VIEW\u001b[0m in 0.71s]","filename":"subprocess.py","lineno":99,"logger":"task"}
{"timestamp":"2026-08-22T16:37:43.761334Z","level":"info","event":"\u001b[0m16:37:43  12 of 33 OK created sql view model stage.stg_employee_department_history ....... [\u001b[32mCREATE VIEW\u001b[0m in 0.71s]","filename":"subprocess.py","lineno":99,"logger":"task"}
{"timestamp":"2026-08-22T16:37:43.769055Z","level":"info","event":"\u001b[0m16:37:43  10 of 33 OK created sql view model stage.stg_email_address ..................... [\u001b[32mCREATE VIEW\u001b[0m in 0.73s]","filename":"subprocess.py","lineno":99,"logger":"task"}
{"timestamp":"2026-08-22T16:37:43.784459Z","level":"info","event":"\u001b[0m16:37:43  14 of 33 START sql view model stage.stg_person ................................. [RUN]","filename":"subprocess.py","lineno":99,"logger":"task"}
{"timestamp":"2026-08-22T16:37:43.798908Z","level":"info","event":"\u001b[0m16:37:43  15 of 33 START sql view model stage.stg_product ................................ [RUN]","filename":"subprocess.py","lineno":99,"logger":"task"}
{"timestamp":"2026-08-22T16:37:43.801700Z","level":"info","event":"\u001b[0m16:37:43  16 of 33 START sql view model stage.stg_product_category ....................... [RUN]","filename":"subprocess.py","lineno":99,"logger":"task"}
{"timestamp":"2026-08-22T16:37:44.315737Z","level":"info","event":"\u001b[0m16:37:44  13 of 33 OK created sql view model stage.stg_location .......................... [\u001b[32mCREATE VIEW\u001b[0m in 0.67s]","filename":"subprocess.py","lineno":99,"logger":"task"}
{"timestamp":"2026-08-22T16:37:44.373600Z","level":"info","event":"\u001b[0m16:37:44  17 of 33 START sql view model stage.stg_product_cost_history ................... [RUN]","filename":"subprocess.py","lineno":99,"logger":"task"}
{"timestamp":"2026-08-22T16:37:44.497020Z","level":"info","event":"\u001b[0m16:37:44  14 of 33 OK created sql view model stage.stg_person ............................ [\u001b[32mCREATE VIEW\u001b[0m in 0.70s]","filename":"subprocess.py","lineno":99,"logger":"task"}
{"timestamp":"2026-08-22T16:37:44.530440Z","level":"info","event":"\u001b[0m16:37:44  18 of 33 START sql view model stage.stg_product_inventory ...................... [RUN]","filename":"subprocess.py","lineno":99,"logger":"task"}
{"timestamp":"2026-08-22T16:37:44.541734Z","level":"info","event":"\u001b[0m16:37:44  16 of 33 OK created sql view model stage.stg_product_category .................. [\u001b[32mCREATE VIEW\u001b[0m in 0.73s]","filename":"subprocess.py","lineno":99,"logger":"task"}
{"timestamp":"2026-08-22T16:37:44.549855Z","level":"info","event":"\u001b[0m16:37:44  15 of 33 OK created sql view model stage.stg_product ........................... [\u001b[32mCREATE VIEW\u001b[0m in 0.74s]","filename":"subprocess.py","lineno":99,"logger":"task"}
{"timestamp":"2026-08-22T16:37:44.589754Z","level":"info","event":"\u001b[0m16:37:44  19 of 33 START sql view model stage.stg_product_list_price_history ............. [RUN]","filename":"subprocess.py","lineno":99,"logger":"task"}
{"timestamp":"2026-08-22T16:37:44.594060Z","level":"info","event":"\u001b[0m16:37:44  20 of 33 START sql view model stage.stg_product_product_photo .................. [RUN]","filename":"subprocess.py","lineno":99,"logger":"task"}
{"timestamp":"2026-08-22T16:37:45.009101Z","level":"info","event":"\u001b[0m16:37:45  17 of 33 OK created sql view model stage.stg_product_cost_history .............. [\u001b[32mCREATE VIEW\u001b[0m in 0.63s]","filename":"subprocess.py","lineno":99,"logger":"task"}
{"timestamp":"2026-08-22T16:37:45.084162Z","level":"info","event":"\u001b[0m16:37:45  21 of 33 START sql view model stage.stg_product_subcategory .................... [RUN]","filename":"subprocess.py","lineno":99,"logger":"task"}
{"timestamp":"2026-08-22T16:37:45.285468Z","level":"info","event":"\u001b[0m16:37:45  19 of 33 OK created sql view model stage.stg_product_list_price_history ........ [\u001b[32mCREATE VIEW\u001b[0m in 0.68s]","filename":"subprocess.py","lineno":99,"logger":"task"}
{"timestamp":"2026-08-22T16:37:45.291969Z","level":"info","event":"\u001b[0m16:37:45  18 of 33 OK created sql view model stage.stg_product_inventory ................. [\u001b[32mCREATE VIEW\u001b[0m in 0.75s]","filename":"subprocess.py","lineno":99,"logger":"task"}
{"timestamp":"2026-08-22T16:37:45.300959Z","level":"info","event":"\u001b[0m16:37:45  20 of 33 OK created sql view model stage.stg_product_product_photo ............. [\u001b[32mCREATE VIEW\u001b[0m in 0.69s]","filename":"subprocess.py","lineno":99,"logger":"task"}
{"timestamp":"2026-08-22T16:37:45.318138Z","level":"info","event":"\u001b[0m16:37:45  22 of 33 START sql view model stage.stg_sales_order_detail ..................... [RUN]","filename":"subprocess.py","lineno":99,"logger":"task"}
{"timestamp":"2026-08-22T16:37:45.325427Z","level":"info","event":"\u001b[0m16:37:45  23 of 33 START sql view model stage.stg_sales_order_header ..................... [RUN]","filename":"subprocess.py","lineno":99,"logger":"task"}
{"timestamp":"2026-08-22T16:37:45.332997Z","level":"info","event":"\u001b[0m16:37:45  24 of 33 START sql view model stage.stg_sales_order_header_sales_reason ........ [RUN]","filename":"subprocess.py","lineno":99,"logger":"task"}
{"timestamp":"2026-08-22T16:37:45.613000Z","level":"info","event":"\u001b[0m16:37:45  21 of 33 OK created sql view model stage.stg_product_subcategory ............... [\u001b[32mCREATE VIEW\u001b[0m in 0.52s]","filename":"subprocess.py","lineno":99,"logger":"task"}
{"timestamp":"2026-08-22T16:37:45.648659Z","level":"info","event":"\u001b[0m16:37:45  25 of 33 START sql view model stage.stg_sales_person ........................... [RUN]","filename":"subprocess.py","lineno":99,"logger":"task"}
{"timestamp":"2026-08-22T16:37:46.133794Z","level":"info","event":"\u001b[0m16:37:46  22 of 33 OK created sql view model stage.stg_sales_order_detail ................ [\u001b[32mCREATE VIEW\u001b[0m in 0.80s]","filename":"subprocess.py","lineno":99,"logger":"task"}
{"timestamp":"2026-08-22T16:37:46.161245Z","level":"info","event":"\u001b[0m16:37:46  26 of 33 START sql view model stage.stg_sales_person_quota_history ............. [RUN]","filename":"subprocess.py","lineno":99,"logger":"task"}
{"timestamp":"2026-08-22T16:37:46.206909Z","level":"info","event":"\u001b[0m16:37:46  24 of 33 OK created sql view model stage.stg_sales_order_header_sales_reason ... [\u001b[32mCREATE VIEW\u001b[0m in 0.86s]","filename":"subprocess.py","lineno":99,"logger":"task"}
{"timestamp":"2026-08-22T16:37:46.211797Z","level":"info","event":"\u001b[0m16:37:46  23 of 33 OK created sql view model stage.stg_sales_order_header ................ [\u001b[32mCREATE VIEW\u001b[0m in 0.88s]","filename":"subprocess.py","lineno":99,"logger":"task"}
{"timestamp":"2026-08-22T16:37:46.279415Z","level":"info","event":"\u001b[0m16:37:46  27 of 33 START sql view model stage.stg_sales_reason ........................... [RUN]","filename":"subprocess.py","lineno":99,"logger":"task"}
{"timestamp":"2026-08-22T16:37:46.308178Z","level":"info","event":"\u001b[0m16:37:46  28 of 33 START sql view model stage.stg_sales_territory ........................ [RUN]","filename":"subprocess.py","lineno":99,"logger":"task"}
{"timestamp":"2026-08-22T16:37:46.581507Z","level":"info","event":"\u001b[0m16:37:46  25 of 33 OK created sql view model stage.stg_sales_person ...................... [\u001b[32mCREATE VIEW\u001b[0m in 0.69s]","filename":"subprocess.py","lineno":99,"logger":"task"}
{"timestamp":"2026-08-22T16:37:46.616243Z","level":"info","event":"\u001b[0m16:37:46  29 of 33 START sql view model stage.stg_shift .................................. [RUN]","filename":"subprocess.py","lineno":99,"logger":"task"}
{"timestamp":"2026-08-22T16:37:46.851844Z","level":"info","event":"\u001b[0m16:37:46  26 of 33 OK created sql view model stage.stg_sales_person_quota_history ........ [\u001b[32mCREATE VIEW\u001b[0m in 0.65s]","filename":"subprocess.py","lineno":99,"logger":"task"}
{"timestamp":"2026-08-22T16:37:46.907815Z","level":"info","event":"\u001b[0m16:37:46  30 of 33 START sql view model stage.stg_special_offer .......................... [RUN]","filename":"subprocess.py","lineno":99,"logger":"task"}
{"timestamp":"2026-08-22T16:37:46.990652Z","level":"info","event":"\u001b[0m16:37:46  27 of 33 OK created sql view model stage.stg_sales_reason ...................... [\u001b[32mCREATE VIEW\u001b[0m in 0.67s]","filename":"subprocess.py","lineno":99,"logger":"task"}
{"timestamp":"2026-08-22T16:37:47.040881Z","level":"info","event":"\u001b[0m16:37:47  28 of 33 OK created sql view model stage.stg_sales_territory ................... [\u001b[32mCREATE VIEW\u001b[0m in 0.71s]","filename":"subprocess.py","lineno":99,"logger":"task"}
{"timestamp":"2026-08-22T16:37:47.046050Z","level":"info","event":"\u001b[0m16:37:47  31 of 33 START sql view model stage.stg_state_province ......................... [RUN]","filename":"subprocess.py","lineno":99,"logger":"task"}
{"timestamp":"2026-08-22T16:37:47.107822Z","level":"info","event":"\u001b[0m16:37:47  32 of 33 START sql view model stage.stg_store .................................. [RUN]","filename":"subprocess.py","lineno":99,"logger":"task"}
{"timestamp":"2026-08-22T16:37:47.317585Z","level":"info","event":"\u001b[0m16:37:47  29 of 33 OK created sql view model stage.stg_shift ............................. [\u001b[32mCREATE VIEW\u001b[0m in 0.69s]","filename":"subprocess.py","lineno":99,"logger":"task"}
{"timestamp":"2026-08-22T16:37:47.364732Z","level":"info","event":"\u001b[0m16:37:47  33 of 33 START sql view model stage.stg_vendor ................................. [RUN]","filename":"subprocess.py","lineno":99,"logger":"task"}
{"timestamp":"2026-08-22T16:37:47.627618Z","level":"info","event":"\u001b[0m16:37:47  30 of 33 OK created sql view model stage.stg_special_offer ..................... [\u001b[32mCREATE VIEW\u001b[0m in 0.68s]","filename":"subprocess.py","lineno":99,"logger":"task"}
{"timestamp":"2026-08-22T16:37:47.694220Z","level":"info","event":"\u001b[0m16:37:47  31 of 33 OK created sql view model stage.stg_state_province .................... [\u001b[32mCREATE VIEW\u001b[0m in 0.60s]","filename":"subprocess.py","lineno":99,"logger":"task"}
{"timestamp":"2026-08-22T16:37:47.737541Z","level":"info","event":"\u001b[0m16:37:47  32 of 33 OK created sql view model stage.stg_store ............................. [\u001b[32mCREATE VIEW\u001b[0m in 0.60s]","filename":"subprocess.py","lineno":99,"logger":"task"}
{"timestamp":"2026-08-22T16:37:47.794040Z","level":"info","event":"\u001b[0m16:37:47  33 of 33 OK created sql view model stage.stg_vendor ............................ [\u001b[32mCREATE VIEW\u001b[0m in 0.42s]","filename":"subprocess.py","lineno":99,"logger":"task"}
{"timestamp":"2026-08-22T16:37:47.865177Z","level":"info","event":"\u001b[0m16:37:47","filename":"subprocess.py","lineno":99,"logger":"task"}
{"timestamp":"2026-08-22T16:37:47.867361Z","level":"info","event":"\u001b[0m16:37:47  Finished running 33 view models in 0 hours 0 minutes and 7.52 seconds (7.52s).","filename":"subprocess.py","lineno":99,"logger":"task"}
{"timestamp":"2026-08-22T16:37:48.109082Z","level":"info","event":"\u001b[0m16:37:48","filename":"subprocess.py","lineno":99,"logger":"task"}
{"timestamp":"2026-08-22T16:37:48.112139Z","level":"info","event":"\u001b[0m16:37:48  \u001b[32mCompleted successfully\u001b[0m","filename":"subprocess.py","lineno":99,"logger":"task"}
{"timestamp":"2026-08-22T16:37:48.114992Z","level":"info","event":"\u001b[0m16:37:48","filename":"subprocess.py","lineno":99,"logger":"task"}
{"timestamp":"2026-08-22T16:37:48.117403Z","level":"info","event":"\u001b[0m16:37:48  Done. PASS=33 WARN=0 ERROR=0 SKIP=0 TOTAL=33","filename":"subprocess.py","lineno":99,"logger":"task"}
{"timestamp":"2026-08-22T16:37:48.859794Z","level":"info","event":"Command exited with return code 0","filename":"subprocess.py","lineno":103,"logger":"task"}
{"timestamp":"2026-08-22T16:37:48.861406Z","level":"info","event":"Pushing xcom","ti":"RuntimeTaskInstance(id=UUID('01a02a4c-2da5-7aa5-b83a-9c8216af852a'), task_id='dbt_run_staging', dag_id='sqlserver_to_postgres_elt', run_id='manual__2026-08-22T16:27:10.529966+00:00', try_number=1, dag_version_id=UUID('01a02a4b-46e7-791a-a7c3-dc85527aa157'), map_index=-1, hostname='56ddbadd0c0f', context_carrier={}, task=<Task(BashOperator): dbt_run_staging>, bundle_instance=LocalDagBundle(name=dags-folder), max_tries=0, start_date=datetime.datetime(2026, 8, 22, 16, 37, 30, 701754, tzinfo=datetime.timezone.utc), end_date=None, state=<TaskInstanceState.RUNNING: 'running'>, is_mapped=False, rendered_map_index=None)","logger":"task","filename":"task_runner.py","lineno":1573}
