{"timestamp":"2026-08-22T16:31:46.631389Z","level":"info","event":"DAG bundles loaded: dags-folder","filename":"manager.py","lineno":179,"logger":"task"}
{"timestamp":"2026-08-22T16:31:46.633374Z","level":"info","event":"Filling up the DagBag from /opt/airflow/dags/sqlserver_to_postgres_dag.py","filename":"dagbag.py","lineno":593,"logger":"task"}
{"timestamp":"2026-08-22T16:31:46.663935Z","level":"warning","event":"The `airflow.decorators.dag` attribute is deprecated. Please use `'airflow.sdk.dag'`.","category":"DeprecatedImportWarning","filename":"/opt/airflow/dags/sqlserver_to_postgres_dag.py","lineno":4,"logger":"task"}
{"timestamp":"2026-08-22T16:31:46.664272Z","level":"warning","event":"The `airflow.operators.bash.BashOperator` attribute is deprecated. Please use `'airflow.providers.standard.operators.bash.BashOperator'`.","category":"DeprecatedImportWarning","filename":"/opt/airflow/dags/sqlserver_to_postgres_dag.py","lineno":5,"logger":"task"}
{"timestamp":"2026-08-22T16:31:46.669142Z","level":"info","event":"Stats instance was created in PID 7 but accessed in PID 1376. Re-initializing.","logger":"airflow.stats","filename":"stats.py","lineno":57}
{"timestamp":"2026-08-22T16:31:46.748062Z","level":"info","event":"Tmp dir root location: /tmp","filename":"subprocess.py","lineno":78,"logger":"task"}
{"timestamp":"2026-08-22T16:31:46.750495Z","level":"info","event":"Running command: ['/usr/bin/bash', '-c', 'dbt run --project-dir /opt/airflow/dbt/adventureworks_dwh --profiles-dir /opt/airflow/dbt/adventureworks_dwh --select staging']","filename":"subprocess.py","lineno":80,"logger":"task"}
{"timestamp":"2026-08-22T16:31:46.752020Z","level":"info","event":"Output:","filename":"subprocess.py","lineno":92,"logger":"task"}
{"timestamp":"2026-08-22T16:31:51.306328Z","level":"info","event":"\u001b[0m16:31:51  Running with dbt=1.8.8","filename":"subprocess.py","lineno":99,"logger":"task"}
{"timestamp":"2026-08-22T16:31:52.138207Z","level":"info","event":"\u001b[0m16:31:52  Registered adapter: postgres=1.8.2","filename":"subprocess.py","lineno":99,"logger":"task"}
{"timestamp":"2026-08-22T16:31:53.696030Z","level":"info","event":"\u001b[0m16:31:53  Found 50 models, 24 data tests, 35 sources, 424 macros","filename":"subprocess.py","lineno":99,"logger":"task"}
{"timestamp":"2026-08-22T16:31:53.711207Z","level":"info","event":"\u001b[0m16:31:53","filename":"subprocess.py","lineno":99,"logger":"task"}
{"timestamp":"2026-08-22T16:31:54.464073Z","level":"info","event":"\u001b[0m16:31:54  Concurrency: 4 threads (target='dev')","filename":"subprocess.py","lineno":99,"logger":"task"}
{"timestamp":"2026-08-22T16:31:54.465409Z","level":"info","event":"\u001b[0m16:31:54","filename":"subprocess.py","lineno":99,"logger":"task"}
{"timestamp":"2026-08-22T16:31:54.482863Z","level":"info","event":"\u001b[0m16:31:54  1 of 33 START sql view model stage.stg_address ................................. [RUN]","filename":"subprocess.py","lineno":99,"logger":"task"}
{"timestamp":"2026-08-22T16:31:54.485960Z","level":"info","event":"\u001b[0m16:31:54  2 of 33 START sql view model stage.stg_address_type ............................ [RUN]","filename":"subprocess.py","lineno":99,"logger":"task"}
{"timestamp":"2026-08-22T16:31:54.488480Z","level":"info","event":"\u001b[0m16:31:54  3 of 33 START sql view model stage.stg_business_entity ......................... [RUN]","filename":"subprocess.py","lineno":99,"logger":"task"}
{"timestamp":"2026-08-22T16:31:54.491154Z","level":"info","event":"\u001b[0m16:31:54  4 of 33 START sql view model stage.stg_business_entity_address ................. [RUN]","filename":"subprocess.py","lineno":99,"logger":"task"}
{"timestamp":"2026-08-22T16:31:55.505080Z","level":"info","event":"\u001b[0m16:31:55  2 of 33 OK created sql view model stage.stg_address_type ....................... [\u001b[32mCREATE VIEW\u001b[0m in 1.00s]","filename":"subprocess.py","lineno":99,"logger":"task"}
{"timestamp":"2026-08-22T16:31:55.508020Z","level":"info","event":"\u001b[0m16:31:55  1 of 33 OK created sql view model stage.stg_address ............................ [\u001b[32mCREATE VIEW\u001b[0m in 1.01s]","filename":"subprocess.py","lineno":99,"logger":"task"}
{"timestamp":"2026-08-22T16:31:55.511365Z","level":"info","event":"\u001b[0m16:31:55  4 of 33 OK created sql view model stage.stg_business_entity_address ............ [\u001b[32mCREATE VIEW\u001b[0m in 1.01s]","filename":"subprocess.py","lineno":99,"logger":"task"}
{"timestamp":"2026-08-22T16:31:55.513874Z","level":"info","event":"\u001b[0m16:31:55  3 of 33 OK created sql view model stage.stg_business_entity .................... [\u001b[32mCREATE VIEW\u001b[0m in 1.02s]","filename":"subprocess.py","lineno":99,"logger":"task"}
{"timestamp":"2026-08-22T16:31:55.535202Z","level":"info","event":"\u001b[0m16:31:55  5 of 33 START sql view model stage.stg_country_region .......................... [RUN]","filename":"subprocess.py","lineno":99,"logger":"task"}
{"timestamp":"2026-08-22T16:31:55.537655Z","level":"info","event":"\u001b[0m16:31:55  6 of 33 START sql view model stage.stg_currency ................................ [RUN]","filename":"subprocess.py","lineno":99,"logger":"task"}
{"timestamp":"2026-08-22T16:31:55.540099Z","level":"info","event":"\u001b[0m16:31:55  7 of 33 START sql view model stage.stg_currency_rate ........................... [RUN]","filename":"subprocess.py","lineno":99,"logger":"task"}
{"timestamp":"2026-08-22T16:31:55.542631Z","level":"info","event":"\u001b[0m16:31:55  8 of 33 START sql view model stage.stg_customer ................................ [RUN]","filename":"subprocess.py","lineno":99,"logger":"task"}
{"timestamp":"2026-08-22T16:31:56.050900Z","level":"info","event":"\u001b[0m16:31:56  5 of 33 OK created sql view model stage.stg_country_region ..................... [\u001b[32mCREATE VIEW\u001b[0m in 0.50s]","filename":"subprocess.py","lineno":99,"logger":"task"}
{"timestamp":"2026-08-22T16:31:56.073492Z","level":"info","event":"\u001b[0m16:31:56  9 of 33 START sql view model stage.stg_department .............................. [RUN]","filename":"subprocess.py","lineno":99,"logger":"task"}
{"timestamp":"2026-08-22T16:31:56.076359Z","level":"info","event":"\u001b[0m16:31:56  6 of 33 OK created sql view model stage.stg_currency ........................... [\u001b[32mCREATE VIEW\u001b[0m in 0.53s]","filename":"subprocess.py","lineno":99,"logger":"task"}
{"timestamp":"2026-08-22T16:31:56.092772Z","level":"info","event":"\u001b[0m16:31:56  8 of 33 OK created sql view model stage.stg_customer ........................... [\u001b[32mCREATE VIEW\u001b[0m in 0.54s]","filename":"subprocess.py","lineno":99,"logger":"task"}
{"timestamp":"2026-08-22T16:31:56.112092Z","level":"info","event":"\u001b[0m16:31:56  7 of 33 OK created sql view model stage.stg_currency_rate ...................... [\u001b[32mCREATE VIEW\u001b[0m in 0.56s]","filename":"subprocess.py","lineno":99,"logger":"task"}
{"timestamp":"2026-08-22T16:31:56.126044Z","level":"info","event":"\u001b[0m16:31:56  10 of 33 START sql view model stage.stg_email_address .......................... [RUN]","filename":"subprocess.py","lineno":99,"logger":"task"}
{"timestamp":"2026-08-22T16:31:56.138802Z","level":"info","event":"\u001b[0m16:31:56  11 of 33 START sql view model stage.stg_employee ............................... [RUN]","filename":"subprocess.py","lineno":99,"logger":"task"}
{"timestamp":"2026-08-22T16:31:56.159313Z","level":"info","event":"\u001b[0m16:31:56  12 of 33 START sql view model stage.stg_employee_department_history ............ [RUN]","filename":"subprocess.py","lineno":99,"logger":"task"}
{"timestamp":"2026-08-22T16:31:56.600673Z","level":"info","event":"\u001b[0m16:31:56  9 of 33 OK created sql view model stage.stg_department ......................... [\u001b[32mCREATE VIEW\u001b[0m in 0.51s]","filename":"subprocess.py","lineno":99,"logger":"task"}
{"timestamp":"2026-08-22T16:31:56.640957Z","level":"info","event":"\u001b[0m16:31:56  13 of 33 START sql view model stage.stg_location ............................... [RUN]","filename":"subprocess.py","lineno":99,"logger":"task"}
{"timestamp":"2026-08-22T16:31:56.744106Z","level":"info","event":"\u001b[0m16:31:56  10 of 33 OK created sql view model stage.stg_email_address ..................... [\u001b[32mCREATE VIEW\u001b[0m in 0.61s]","filename":"subprocess.py","lineno":99,"logger":"task"}
{"timestamp":"2026-08-22T16:31:56.749330Z","level":"info","event":"\u001b[0m16:31:56  11 of 33 OK created sql view model stage.stg_employee .......................... [\u001b[32mCREATE VIEW\u001b[0m in 0.59s]","filename":"subprocess.py","lineno":99,"logger":"task"}
{"timestamp":"2026-08-22T16:31:56.760810Z","level":"info","event":"\u001b[0m16:31:56  12 of 33 OK created sql view model stage.stg_employee_department_history ....... [\u001b[32mCREATE VIEW\u001b[0m in 0.57s]","filename":"subprocess.py","lineno":99,"logger":"task"}
{"timestamp":"2026-08-22T16:31:56.816633Z","level":"info","event":"\u001b[0m16:31:56  14 of 33 START sql view model stage.stg_person ................................. [RUN]","filename":"subprocess.py","lineno":99,"logger":"task"}
{"timestamp":"2026-08-22T16:31:56.819271Z","level":"info","event":"\u001b[0m16:31:56  15 of 33 START sql view model stage.stg_product ................................ [RUN]","filename":"subprocess.py","lineno":99,"logger":"task"}
{"timestamp":"2026-08-22T16:31:56.824615Z","level":"info","event":"\u001b[0m16:31:56  16 of 33 START sql view model stage.stg_product_category ....................... [RUN]","filename":"subprocess.py","lineno":99,"logger":"task"}
{"timestamp":"2026-08-22T16:31:57.192093Z","level":"info","event":"\u001b[0m16:31:57  13 of 33 OK created sql view model stage.stg_location .......................... [\u001b[32mCREATE VIEW\u001b[0m in 0.52s]","filename":"subprocess.py","lineno":99,"logger":"task"}
{"timestamp":"2026-08-22T16:31:57.229097Z","level":"info","event":"\u001b[0m16:31:57  17 of 33 START sql view model stage.stg_product_cost_history ................... [RUN]","filename":"subprocess.py","lineno":99,"logger":"task"}
{"timestamp":"2026-08-22T16:31:57.479576Z","level":"info","event":"\u001b[0m16:31:57  14 of 33 OK created sql view model stage.stg_person ............................ [\u001b[32mCREATE VIEW\u001b[0m in 0.65s]","filename":"subprocess.py","lineno":99,"logger":"task"}
{"timestamp":"2026-08-22T16:31:57.487466Z","level":"info","event":"\u001b[0m16:31:57  16 of 33 OK created sql view model stage.stg_product_category .................. [\u001b[32mCREATE VIEW\u001b[0m in 0.65s]","filename":"subprocess.py","lineno":99,"logger":"task"}
{"timestamp":"2026-08-22T16:31:57.493237Z","level":"info","event":"\u001b[0m16:31:57  15 of 33 OK created sql view model stage.stg_product ........................... [\u001b[32mCREATE VIEW\u001b[0m in 0.66s]","filename":"subprocess.py","lineno":99,"logger":"task"}
{"timestamp":"2026-08-22T16:31:57.524811Z","level":"info","event":"\u001b[0m16:31:57  18 of 33 START sql view model stage.stg_product_inventory ...................... [RUN]","filename":"subprocess.py","lineno":99,"logger":"task"}
{"timestamp":"2026-08-22T16:31:57.527878Z","level":"info","event":"\u001b[0m16:31:57  19 of 33 START sql view model stage.stg_product_list_price_history ............. [RUN]","filename":"subprocess.py","lineno":99,"logger":"task"}
{"timestamp":"2026-08-22T16:31:57.535985Z","level":"info","event":"\u001b[0m16:31:57  20 of 33 START sql view model stage.stg_product_product_photo .................. [RUN]","filename":"subprocess.py","lineno":99,"logger":"task"}
{"timestamp":"2026-08-22T16:31:57.890822Z","level":"info","event":"\u001b[0m16:31:57  17 of 33 OK created sql view model stage.stg_product_cost_history .............. [\u001b[32mCREATE VIEW\u001b[0m in 0.63s]","filename":"subprocess.py","lineno":99,"logger":"task"}
{"timestamp":"2026-08-22T16:31:57.934444Z","level":"info","event":"\u001b[0m16:31:57  21 of 33 START sql view model stage.stg_product_subcategory .................... [RUN]","filename":"subprocess.py","lineno":99,"logger":"task"}
{"timestamp":"2026-08-22T16:31:58.337773Z","level":"info","event":"\u001b[0m16:31:58  20 of 33 OK created sql view model stage.stg_product_product_photo ............. [\u001b[32mCREATE VIEW\u001b[0m in 0.78s]","filename":"subprocess.py","lineno":99,"logger":"task"}
{"timestamp":"2026-08-22T16:31:58.341725Z","level":"info","event":"\u001b[0m16:31:58  19 of 33 OK created sql view model stage.stg_product_list_price_history ........ [\u001b[32mCREATE VIEW\u001b[0m in 0.79s]","filename":"subprocess.py","lineno":99,"logger":"task"}
{"timestamp":"2026-08-22T16:31:58.347724Z","level":"info","event":"\u001b[0m16:31:58  18 of 33 OK created sql view model stage.stg_product_inventory ................. [\u001b[32mCREATE VIEW\u001b[0m in 0.80s]","filename":"subprocess.py","lineno":99,"logger":"task"}
{"timestamp":"2026-08-22T16:31:58.379879Z","level":"info","event":"\u001b[0m16:31:58  22 of 33 START sql view model stage.stg_sales_order_detail ..................... [RUN]","filename":"subprocess.py","lineno":99,"logger":"task"}
{"timestamp":"2026-08-22T16:31:58.403669Z","level":"info","event":"\u001b[0m16:31:58  23 of 33 START sql view model stage.stg_sales_order_header ..................... [RUN]","filename":"subprocess.py","lineno":99,"logger":"task"}
{"timestamp":"2026-08-22T16:31:58.407888Z","level":"info","event":"\u001b[0m16:31:58  24 of 33 START sql view model stage.stg_sales_order_header_sales_reason ........ [RUN]","filename":"subprocess.py","lineno":99,"logger":"task"}
{"timestamp":"2026-08-22T16:31:58.654109Z","level":"info","event":"\u001b[0m16:31:58  21 of 33 OK created sql view model stage.stg_product_subcategory ............... [\u001b[32mCREATE VIEW\u001b[0m in 0.71s]","filename":"subprocess.py","lineno":99,"logger":"task"}
{"timestamp":"2026-08-22T16:31:58.673707Z","level":"info","event":"\u001b[0m16:31:58  25 of 33 START sql view model stage.stg_sales_person ........................... [RUN]","filename":"subprocess.py","lineno":99,"logger":"task"}
{"timestamp":"2026-08-22T16:31:59.061807Z","level":"info","event":"\u001b[0m16:31:59  22 of 33 OK created sql view model stage.stg_sales_order_detail ................ [\u001b[32mCREATE VIEW\u001b[0m in 0.65s]","filename":"subprocess.py","lineno":99,"logger":"task"}
{"timestamp":"2026-08-22T16:31:59.111046Z","level":"info","event":"\u001b[0m16:31:59  26 of 33 START sql view model stage.stg_sales_person_quota_history ............. [RUN]","filename":"subprocess.py","lineno":99,"logger":"task"}
{"timestamp":"2026-08-22T16:31:59.141599Z","level":"info","event":"\u001b[0m16:31:59  24 of 33 OK created sql view model stage.stg_sales_order_header_sales_reason ... [\u001b[32mCREATE VIEW\u001b[0m in 0.72s]","filename":"subprocess.py","lineno":99,"logger":"task"}
{"timestamp":"2026-08-22T16:31:59.151002Z","level":"info","event":"\u001b[0m16:31:59  23 of 33 OK created sql view model stage.stg_sales_order_header ................ [\u001b[32mCREATE VIEW\u001b[0m in 0.73s]","filename":"subprocess.py","lineno":99,"logger":"task"}
{"timestamp":"2026-08-22T16:31:59.380254Z","level":"info","event":"\u001b[0m16:31:59  27 of 33 START sql view model stage.stg_sales_reason ........................... [RUN]","filename":"subprocess.py","lineno":99,"logger":"task"}
{"timestamp":"2026-08-22T16:31:59.384593Z","level":"info","event":"\u001b[0m16:31:59  28 of 33 START sql view model stage.stg_sales_territory ........................ [RUN]","filename":"subprocess.py","lineno":99,"logger":"task"}
{"timestamp":"2026-08-22T16:31:59.574238Z","level":"info","event":"\u001b[0m16:31:59  25 of 33 OK created sql view model stage.stg_sales_person ...................... [\u001b[32mCREATE VIEW\u001b[0m in 0.89s]","filename":"subprocess.py","lineno":99,"logger":"task"}
{"timestamp":"2026-08-22T16:31:59.587676Z","level":"info","event":"\u001b[0m16:31:59  29 of 33 START sql view model stage.stg_shift .................................. [RUN]","filename":"subprocess.py","lineno":99,"logger":"task"}
{"timestamp":"2026-08-22T16:31:59.993281Z","level":"info","event":"\u001b[0m16:31:59  26 of 33 OK created sql view model stage.stg_sales_person_quota_history ........ [\u001b[32mCREATE VIEW\u001b[0m in 0.86s]","filename":"subprocess.py","lineno":99,"logger":"task"}
{"timestamp":"2026-08-22T16:32:00.054503Z","level":"info","event":"\u001b[0m16:32:00  30 of 33 START sql view model stage.stg_special_offer .......................... [RUN]","filename":"subprocess.py","lineno":99,"logger":"task"}
{"timestamp":"2026-08-22T16:32:00.059057Z","level":"info","event":"\u001b[0m16:32:00  27 of 33 OK created sql view model stage.stg_sales_reason ...................... [\u001b[32mCREATE VIEW\u001b[0m in 0.64s]","filename":"subprocess.py","lineno":99,"logger":"task"}
{"timestamp":"2026-08-22T16:32:00.064804Z","level":"info","event":"\u001b[0m16:32:00  28 of 33 OK created sql view model stage.stg_sales_territory ................... [\u001b[32mCREATE VIEW\u001b[0m in 0.65s]","filename":"subprocess.py","lineno":99,"logger":"task"}
{"timestamp":"2026-08-22T16:32:00.115738Z","level":"info","event":"\u001b[0m16:32:00  31 of 33 START sql view model stage.stg_state_province ......................... [RUN]","filename":"subprocess.py","lineno":99,"logger":"task"}
{"timestamp":"2026-08-22T16:32:00.121325Z","level":"info","event":"\u001b[0m16:32:00  32 of 33 START sql view model stage.stg_store .................................. [RUN]","filename":"subprocess.py","lineno":99,"logger":"task"}
{"timestamp":"2026-08-22T16:32:00.299314Z","level":"info","event":"\u001b[0m16:32:00  29 of 33 OK created sql view model stage.stg_shift ............................. [\u001b[32mCREATE VIEW\u001b[0m in 0.70s]","filename":"subprocess.py","lineno":99,"logger":"task"}
{"timestamp":"2026-08-22T16:32:00.326081Z","level":"info","event":"\u001b[0m16:32:00  33 of 33 START sql view model stage.stg_vendor ................................. [RUN]","filename":"subprocess.py","lineno":99,"logger":"task"}
{"timestamp":"2026-08-22T16:32:00.784611Z","level":"info","event":"\u001b[0m16:32:00  30 of 33 OK created sql view model stage.stg_special_offer ..................... [\u001b[32mCREATE VIEW\u001b[0m in 0.72s]","filename":"subprocess.py","lineno":99,"logger":"task"}
{"timestamp":"2026-08-22T16:32:00.831666Z","level":"info","event":"\u001b[0m16:32:00  32 of 33 OK created sql view model stage.stg_store ............................. [\u001b[32mCREATE VIEW\u001b[0m in 0.70s]","filename":"subprocess.py","lineno":99,"logger":"task"}
{"timestamp":"2026-08-22T16:32:00.835213Z","level":"info","event":"\u001b[0m16:32:00  31 of 33 OK created sql view model stage.stg_state_province .................... [\u001b[32mCREATE VIEW\u001b[0m in 0.71s]","filename":"subprocess.py","lineno":99,"logger":"task"}
{"timestamp":"2026-08-22T16:32:00.889166Z","level":"info","event":"\u001b[0m16:32:00  33 of 33 OK created sql view model stage.stg_vendor ............................ [\u001b[32mCREATE VIEW\u001b[0m in 0.55s]","filename":"subprocess.py","lineno":99,"logger":"task"}
{"timestamp":"2026-08-22T16:32:00.963076Z","level":"info","event":"\u001b[0m16:32:00","filename":"subprocess.py","lineno":99,"logger":"task"}
{"timestamp":"2026-08-22T16:32:00.964957Z","level":"info","event":"\u001b[0m16:32:00  Finished running 33 view models in 0 hours 0 minutes and 7.25 seconds (7.25s).","filename":"subprocess.py","lineno":99,"logger":"task"}
{"timestamp":"2026-08-22T16:32:01.203539Z","level":"info","event":"\u001b[0m16:32:01","filename":"subprocess.py","lineno":99,"logger":"task"}
{"timestamp":"2026-08-22T16:32:01.206822Z","level":"info","event":"\u001b[0m16:32:01  \u001b[32mCompleted successfully\u001b[0m","filename":"subprocess.py","lineno":99,"logger":"task"}
{"timestamp":"2026-08-22T16:32:01.209698Z","level":"info","event":"\u001b[0m16:32:01","filename":"subprocess.py","lineno":99,"logger":"task"}
{"timestamp":"2026-08-22T16:32:01.212678Z","level":"info","event":"\u001b[0m16:32:01  Done. PASS=33 WARN=0 ERROR=0 SKIP=0 TOTAL=33","filename":"subprocess.py","lineno":99,"logger":"task"}
{"timestamp":"2026-08-22T16:32:01.997976Z","level":"info","event":"Command exited with return code 0","filename":"subprocess.py","lineno":103,"logger":"task"}
{"timestamp":"2026-08-22T16:32:01.999459Z","level":"info","event":"Pushing xcom","ti":"RuntimeTaskInstance(id=UUID('01a02a4c-0944-710a-b208-8829681a545d'), task_id='dbt_run_staging', dag_id='sqlserver_to_postgres_elt', run_id='scheduled__2026-08-22T00:00:00+00:00', try_number=1, dag_version_id=UUID('01a02a4b-46e7-791a-a7c3-dc85527aa157'), map_index=-1, hostname='56ddbadd0c0f', context_carrier={}, task=<Task(BashOperator): dbt_run_staging>, bundle_instance=LocalDagBundle(name=dags-folder), max_tries=0, start_date=datetime.datetime(2026, 8, 22, 16, 31, 46, 543926, tzinfo=datetime.timezone.utc), end_date=None, state=<TaskInstanceState.RUNNING: 'running'>, is_mapped=False, rendered_map_index=None)","logger":"task","filename":"task_runner.py","lineno":1573}
