{"timestamp":"2026-08-22T16:32:02.991784Z","level":"info","event":"DAG bundles loaded: dags-folder","filename":"manager.py","lineno":179,"logger":"task"}
{"timestamp":"2026-08-22T16:32:02.993514Z","level":"info","event":"Filling up the DagBag from /opt/airflow/dags/sqlserver_to_postgres_dag.py","filename":"dagbag.py","lineno":593,"logger":"task"}
{"timestamp":"2026-08-22T16:32:03.018445Z","level":"warning","event":"The `airflow.decorators.dag` attribute is deprecated. Please use `'airflow.sdk.dag'`.","category":"DeprecatedImportWarning","filename":"/opt/airflow/dags/sqlserver_to_postgres_dag.py","lineno":4,"logger":"task"}
{"timestamp":"2026-08-22T16:32:03.018887Z","level":"warning","event":"The `airflow.operators.bash.BashOperator` attribute is deprecated. Please use `'airflow.providers.standard.operators.bash.BashOperator'`.","category":"DeprecatedImportWarning","filename":"/opt/airflow/dags/sqlserver_to_postgres_dag.py","lineno":5,"logger":"task"}
{"timestamp":"2026-08-22T16:32:03.025046Z","level":"info","event":"Stats instance was created in PID 7 but accessed in PID 1390. Re-initializing.","logger":"airflow.stats","filename":"stats.py","lineno":57}
{"timestamp":"2026-08-22T16:32:03.099998Z","level":"info","event":"Tmp dir root location: /tmp","filename":"subprocess.py","lineno":78,"logger":"task"}
{"timestamp":"2026-08-22T16:32:03.102168Z","level":"info","event":"Running command: ['/usr/bin/bash', '-c', 'dbt run --project-dir /opt/airflow/dbt/adventureworks_dwh --profiles-dir /opt/airflow/dbt/adventureworks_dwh --select marts']","filename":"subprocess.py","lineno":80,"logger":"task"}
{"timestamp":"2026-08-22T16:32:03.103744Z","level":"info","event":"Output:","filename":"subprocess.py","lineno":92,"logger":"task"}
{"timestamp":"2026-08-22T16:32:08.196942Z","level":"info","event":"\u001b[0m16:32:08  Running with dbt=1.8.8","filename":"subprocess.py","lineno":99,"logger":"task"}
{"timestamp":"2026-08-22T16:32:09.394866Z","level":"info","event":"\u001b[0m16:32:09  Registered adapter: postgres=1.8.2","filename":"subprocess.py","lineno":99,"logger":"task"}
{"timestamp":"2026-08-22T16:32:10.976774Z","level":"info","event":"\u001b[0m16:32:10  Found 50 models, 24 data tests, 35 sources, 424 macros","filename":"subprocess.py","lineno":99,"logger":"task"}
{"timestamp":"2026-08-22T16:32:10.990721Z","level":"info","event":"\u001b[0m16:32:10","filename":"subprocess.py","lineno":99,"logger":"task"}
{"timestamp":"2026-08-22T16:32:11.729820Z","level":"info","event":"\u001b[0m16:32:11  Concurrency: 4 threads (target='dev')","filename":"subprocess.py","lineno":99,"logger":"task"}
{"timestamp":"2026-08-22T16:32:11.731551Z","level":"info","event":"\u001b[0m16:32:11","filename":"subprocess.py","lineno":99,"logger":"task"}
{"timestamp":"2026-08-22T16:32:11.746342Z","level":"info","event":"\u001b[0m16:32:11  1 of 17 START sql table model mart.dim_currency ................................ [RUN]","filename":"subprocess.py","lineno":99,"logger":"task"}
{"timestamp":"2026-08-22T16:32:11.748457Z","level":"info","event":"\u001b[0m16:32:11  2 of 17 START sql table model mart.dim_date .................................... [RUN]","filename":"subprocess.py","lineno":99,"logger":"task"}
{"timestamp":"2026-08-22T16:32:11.750668Z","level":"info","event":"\u001b[0m16:32:11  3 of 17 START sql table model mart.dim_employee ................................ [RUN]","filename":"subprocess.py","lineno":99,"logger":"task"}
{"timestamp":"2026-08-22T16:32:11.752255Z","level":"info","event":"\u001b[0m16:32:11  4 of 17 START sql table model mart.dim_geography ............................... [RUN]","filename":"subprocess.py","lineno":99,"logger":"task"}
{"timestamp":"2026-08-22T16:32:12.714305Z","level":"info","event":"\u001b[0m16:32:12  1 of 17 OK created sql table model mart.dim_currency ........................... [\u001b[32mSELECT 105\u001b[0m in 0.95s]","filename":"subprocess.py","lineno":99,"logger":"task"}
{"timestamp":"2026-08-22T16:32:12.720825Z","level":"info","event":"\u001b[0m16:32:12  3 of 17 OK created sql table model mart.dim_employee ........................... [\u001b[32mSELECT 290\u001b[0m in 0.96s]","filename":"subprocess.py","lineno":99,"logger":"task"}
{"timestamp":"2026-08-22T16:32:12.724025Z","level":"info","event":"\u001b[0m16:32:12  2 of 17 OK created sql table model mart.dim_date ............................... [\u001b[32mSELECT 1461\u001b[0m in 0.97s]","filename":"subprocess.py","lineno":99,"logger":"task"}
{"timestamp":"2026-08-22T16:32:12.751011Z","level":"info","event":"\u001b[0m16:32:12  5 of 17 START sql table model mart.dim_product ................................. [RUN]","filename":"subprocess.py","lineno":99,"logger":"task"}
{"timestamp":"2026-08-22T16:32:12.754190Z","level":"info","event":"\u001b[0m16:32:12  6 of 17 START sql table model mart.dim_product_category ........................ [RUN]","filename":"subprocess.py","lineno":99,"logger":"task"}
{"timestamp":"2026-08-22T16:32:12.758501Z","level":"info","event":"\u001b[0m16:32:12  7 of 17 START sql table model mart.dim_product_subcategory ..................... [RUN]","filename":"subprocess.py","lineno":99,"logger":"task"}
{"timestamp":"2026-08-22T16:32:12.765879Z","level":"info","event":"\u001b[0m16:32:12  4 of 17 OK created sql table model mart.dim_geography .......................... [\u001b[32mSELECT 683\u001b[0m in 1.00s]","filename":"subprocess.py","lineno":99,"logger":"task"}
{"timestamp":"2026-08-22T16:32:12.828228Z","level":"info","event":"\u001b[0m16:32:12  8 of 17 START sql table model mart.dim_promotion ............................... [RUN]","filename":"subprocess.py","lineno":99,"logger":"task"}
{"timestamp":"2026-08-22T16:32:13.431982Z","level":"info","event":"\u001b[0m16:32:13  5 of 17 OK created sql table model mart.dim_product ............................ [\u001b[32mSELECT 504\u001b[0m in 0.66s]","filename":"subprocess.py","lineno":99,"logger":"task"}
{"timestamp":"2026-08-22T16:32:13.441146Z","level":"info","event":"\u001b[0m16:32:13  6 of 17 OK created sql table model mart.dim_product_category ................... [\u001b[32mSELECT 4\u001b[0m in 0.66s]","filename":"subprocess.py","lineno":99,"logger":"task"}
{"timestamp":"2026-08-22T16:32:13.448987Z","level":"info","event":"\u001b[0m16:32:13  7 of 17 OK created sql table model mart.dim_product_subcategory ................ [\u001b[32mSELECT 37\u001b[0m in 0.67s]","filename":"subprocess.py","lineno":99,"logger":"task"}
{"timestamp":"2026-08-22T16:32:13.483327Z","level":"info","event":"\u001b[0m16:32:13  9 of 17 START sql table model mart.dim_sales_reason ............................ [RUN]","filename":"subprocess.py","lineno":99,"logger":"task"}
{"timestamp":"2026-08-22T16:32:13.486821Z","level":"info","event":"\u001b[0m16:32:13  10 of 17 START sql table model mart.dim_sales_territory ........................ [RUN]","filename":"subprocess.py","lineno":99,"logger":"task"}
{"timestamp":"2026-08-22T16:32:13.492079Z","level":"info","event":"\u001b[0m16:32:13  8 of 17 OK created sql table model mart.dim_promotion .......................... [\u001b[32mSELECT 16\u001b[0m in 0.64s]","filename":"subprocess.py","lineno":99,"logger":"task"}
{"timestamp":"2026-08-22T16:32:13.494620Z","level":"info","event":"\u001b[0m16:32:13  11 of 17 START sql table model mart.fact_currency_rate ......................... [RUN]","filename":"subprocess.py","lineno":99,"logger":"task"}
{"timestamp":"2026-08-22T16:32:13.546241Z","level":"info","event":"\u001b[0m16:32:13  12 of 17 START sql table model mart.fact_internet_sales ........................ [RUN]","filename":"subprocess.py","lineno":99,"logger":"task"}
{"timestamp":"2026-08-22T16:32:14.251976Z","level":"info","event":"\u001b[0m16:32:14  9 of 17 OK created sql table model mart.dim_sales_reason ....................... [\u001b[32mSELECT 10\u001b[0m in 0.75s]","filename":"subprocess.py","lineno":99,"logger":"task"}
{"timestamp":"2026-08-22T16:32:14.274850Z","level":"info","event":"\u001b[0m16:32:14  10 of 17 OK created sql table model mart.dim_sales_territory ................... [\u001b[32mSELECT 10\u001b[0m in 0.77s]","filename":"subprocess.py","lineno":99,"logger":"task"}
{"timestamp":"2026-08-22T16:32:14.289969Z","level":"info","event":"\u001b[0m16:32:14  13 of 17 START sql table model mart.fact_product_inventory ..................... [RUN]","filename":"subprocess.py","lineno":99,"logger":"task"}
{"timestamp":"2026-08-22T16:32:14.318708Z","level":"info","event":"\u001b[0m16:32:14  14 of 17 START sql table model mart.fact_reseller_sales ........................ [RUN]","filename":"subprocess.py","lineno":99,"logger":"task"}
{"timestamp":"2026-08-22T16:32:14.425501Z","level":"info","event":"\u001b[0m16:32:14  11 of 17 OK created sql table model mart.fact_currency_rate .................... [\u001b[32mSELECT 13532\u001b[0m in 0.90s]","filename":"subprocess.py","lineno":99,"logger":"task"}
{"timestamp":"2026-08-22T16:32:14.478722Z","level":"info","event":"\u001b[0m16:32:14  15 of 17 START sql table model mart.fact_sales_quota ........................... [RUN]","filename":"subprocess.py","lineno":99,"logger":"task"}
{"timestamp":"2026-08-22T16:32:14.884783Z","level":"info","event":"\u001b[0m16:32:14  13 of 17 OK created sql table model mart.fact_product_inventory ................ [\u001b[32mSELECT 1069\u001b[0m in 0.57s]","filename":"subprocess.py","lineno":99,"logger":"task"}
{"timestamp":"2026-08-22T16:32:14.914917Z","level":"info","event":"\u001b[0m16:32:14  16 of 17 START sql table model mart.dim_customer ............................... [RUN]","filename":"subprocess.py","lineno":99,"logger":"task"}
{"timestamp":"2026-08-22T16:32:14.920196Z","level":"info","event":"\u001b[0m16:32:14  15 of 17 OK created sql table model mart.fact_sales_quota ...................... [\u001b[32mSELECT 163\u001b[0m in 0.43s]","filename":"subprocess.py","lineno":99,"logger":"task"}
{"timestamp":"2026-08-22T16:32:14.965240Z","level":"info","event":"\u001b[0m16:32:14  17 of 17 START sql table model mart.dim_reseller ............................... [RUN]","filename":"subprocess.py","lineno":99,"logger":"task"}
{"timestamp":"2026-08-22T16:32:15.535357Z","level":"info","event":"\u001b[0m16:32:15  17 of 17 OK created sql table model mart.dim_reseller .......................... [\u001b[32mSELECT 701\u001b[0m in 0.55s]","filename":"subprocess.py","lineno":99,"logger":"task"}
{"timestamp":"2026-08-22T16:32:16.043179Z","level":"info","event":"\u001b[0m16:32:16  16 of 17 OK created sql table model mart.dim_customer .......................... [\u001b[32mSELECT 18484\u001b[0m in 1.12s]","filename":"subprocess.py","lineno":99,"logger":"task"}
{"timestamp":"2026-08-22T16:32:16.753331Z","level":"info","event":"\u001b[0m16:32:16  12 of 17 OK created sql table model mart.fact_internet_sales ................... [\u001b[32mSELECT 60398\u001b[0m in 3.17s]","filename":"subprocess.py","lineno":99,"logger":"task"}
{"timestamp":"2026-08-22T16:32:17.438927Z","level":"info","event":"\u001b[0m16:32:17  14 of 17 OK created sql table model mart.fact_reseller_sales ................... [\u001b[32mSELECT 60919\u001b[0m in 3.11s]","filename":"subprocess.py","lineno":99,"logger":"task"}
{"timestamp":"2026-08-22T16:32:17.528319Z","level":"info","event":"\u001b[0m16:32:17","filename":"subprocess.py","lineno":99,"logger":"task"}
{"timestamp":"2026-08-22T16:32:17.529954Z","level":"info","event":"\u001b[0m16:32:17  Finished running 17 table models in 0 hours 0 minutes and 6.53 seconds (6.53s).","filename":"subprocess.py","lineno":99,"logger":"task"}
{"timestamp":"2026-08-22T16:32:17.827787Z","level":"info","event":"\u001b[0m16:32:17","filename":"subprocess.py","lineno":99,"logger":"task"}
{"timestamp":"2026-08-22T16:32:17.830840Z","level":"info","event":"\u001b[0m16:32:17  \u001b[32mCompleted successfully\u001b[0m","filename":"subprocess.py","lineno":99,"logger":"task"}
{"timestamp":"2026-08-22T16:32:17.834714Z","level":"info","event":"\u001b[0m16:32:17","filename":"subprocess.py","lineno":99,"logger":"task"}
{"timestamp":"2026-08-22T16:32:17.836811Z","level":"info","event":"\u001b[0m16:32:17  Done. PASS=17 WARN=0 ERROR=0 SKIP=0 TOTAL=17","filename":"subprocess.py","lineno":99,"logger":"task"}
{"timestamp":"2026-08-22T16:32:18.606146Z","level":"info","event":"Command exited with return code 0","filename":"subprocess.py","lineno":103,"logger":"task"}
{"timestamp":"2026-08-22T16:32:18.607865Z","level":"info","event":"Pushing xcom","ti":"RuntimeTaskInstance(id=UUID('01a02a4c-0945-7809-9a9f-18b1d69b0a05'), task_id='dbt_run_marts', dag_id='sqlserver_to_postgres_elt', run_id='scheduled__2026-08-22T00:00:00+00:00', try_number=1, dag_version_id=UUID('01a02a4b-46e7-791a-a7c3-dc85527aa157'), map_index=-1, hostname='56ddbadd0c0f', context_carrier={}, task=<Task(BashOperator): dbt_run_marts>, bundle_instance=LocalDagBundle(name=dags-folder), max_tries=0, start_date=datetime.datetime(2026, 8, 22, 16, 32, 2, 918139, tzinfo=datetime.timezone.utc), end_date=None, state=<TaskInstanceState.RUNNING: 'running'>, is_mapped=False, rendered_map_index=None)","logger":"task","filename":"task_runner.py","lineno":1573}
