{"timestamp":"2026-08-22T16:27:01.723484Z","level":"info","event":"DAG bundles loaded: dags-folder","filename":"manager.py","lineno":179,"logger":"task"}
{"timestamp":"2026-08-22T16:27:01.725617Z","level":"info","event":"Filling up the DagBag from /opt/airflow/dags/sqlserver_to_postgres_dag.py","filename":"dagbag.py","lineno":593,"logger":"task"}
{"timestamp":"2026-08-22T16:27:01.752185Z","level":"warning","event":"The `airflow.decorators.dag` attribute is deprecated. Please use `'airflow.sdk.dag'`.","category":"DeprecatedImportWarning","filename":"/opt/airflow/dags/sqlserver_to_postgres_dag.py","lineno":4,"logger":"task"}
{"timestamp":"2026-08-22T16:27:01.752524Z","level":"warning","event":"The `airflow.operators.bash.BashOperator` attribute is deprecated. Please use `'airflow.providers.standard.operators.bash.BashOperator'`.","category":"DeprecatedImportWarning","filename":"/opt/airflow/dags/sqlserver_to_postgres_dag.py","lineno":5,"logger":"task"}
{"timestamp":"2026-08-22T16:27:01.757325Z","level":"info","event":"Stats instance was created in PID 7 but accessed in PID 1345. Re-initializing.","logger":"airflow.stats","filename":"stats.py","lineno":57}
{"timestamp":"2026-08-22T16:27:01.879462Z","level":"info","event":"Tmp dir root location: /tmp","filename":"subprocess.py","lineno":78,"logger":"task"}
{"timestamp":"2026-08-22T16:27:01.881444Z","level":"info","event":"Running command: ['/usr/bin/bash', '-c', 'cd /opt/airflow/dlt/pipelines/sqlserver_to_postgres && python sqlserver_pipeline.py']","filename":"subprocess.py","lineno":80,"logger":"task"}
{"timestamp":"2026-08-22T16:27:01.882771Z","level":"info","event":"Output:","filename":"subprocess.py","lineno":92,"logger":"task"}
{"timestamp":"2026-08-22T16:27:04.885269Z","level":"info","event":"/home/airflow/.local/lib/python3.11/site-packages/dlt/helpers/dbt/__init__.py:3: UserWarning: pkg_resources is deprecated as an API. See https://setuptools.pypa.io/en/latest/pkg_resources.html. The pkg_resources package is slated for removal as early as 2025-11-30. Refrain from using this package or pin to Setuptools<81.","filename":"subprocess.py","lineno":99,"logger":"task"}
{"timestamp":"2026-08-22T16:27:04.885702Z","level":"info","event":"  import pkg_resources","filename":"subprocess.py","lineno":99,"logger":"task"}
{"timestamp":"2026-08-22T16:27:09.410735Z","level":"info","event":"/home/airflow/.local/lib/python3.11/site-packages/dlt/sources/sql_database/__init__.py:107 SAWarning: Did not recognize type 'hierarchyid' of column 'OrganizationNode'","filename":"subprocess.py","lineno":99,"logger":"task"}
{"timestamp":"2026-08-22T16:27:10.391054Z","level":"info","event":"/home/airflow/.local/lib/python3.11/site-packages/dlt/sources/sql_database/__init__.py:107 SAWarning: Did not recognize type 'geography' of column 'SpatialLocation'","filename":"subprocess.py","lineno":99,"logger":"task"}
{"timestamp":"2026-08-22T16:27:16.393277Z","level":"info","event":"/home/airflow/.local/lib/python3.11/site-packages/dlt/sources/sql_database/__init__.py:107 SAWarning: Did not recognize type 'hierarchyid' of column 'DocumentNode'","filename":"subprocess.py","lineno":99,"logger":"task"}
{"timestamp":"2026-08-22T16:31:18.838705Z","level":"info","event":"2026-08-22 16:31:18,838|[WARNING]|1346|129595620431680|dlt|validate.py|verify_normalized_table:26|In schema: sql_database: The column discontinued_date in table product did not receive any data during this load. This can happen if you specify the column manually, for example using the 'merge_key', 'primary_key' or 'columns' argument but it does not exist in the data.","filename":"subprocess.py","lineno":99,"logger":"task"}
{"timestamp":"2026-08-22T16:31:18.839187Z","level":"info","event":"2026-08-22 16:31:18,838|[WARNING]|1346|129595620431680|dlt|validate.py|verify_normalized_table:26|In schema: sql_database: The column comment in table sales_order_header did not receive any data during this load. This can happen if you specify the column manually, for example using the 'merge_key', 'primary_key' or 'columns' argument but it does not exist in the data.","filename":"subprocess.py","lineno":99,"logger":"task"}
{"timestamp":"2026-08-22T16:31:44.613307Z","level":"info","event":"Pipeline sqlserver_to_postgres load step completed in 24.13 seconds","filename":"subprocess.py","lineno":99,"logger":"task"}
{"timestamp":"2026-08-22T16:31:44.613660Z","level":"info","event":"1 load package(s) were loaded to destination postgres and into dataset raw","filename":"subprocess.py","lineno":99,"logger":"task"}
{"timestamp":"2026-08-22T16:31:44.613801Z","level":"info","event":"The postgres destination used postgresql://postgres:***@postgres:5432/analytics_2 location to store data","filename":"subprocess.py","lineno":99,"logger":"task"}
{"timestamp":"2026-08-22T16:31:44.613897Z","level":"info","event":"Load package 1787416049.2265792 is LOADED and contains no failed jobs","filename":"subprocess.py","lineno":99,"logger":"task"}
{"timestamp":"2026-08-22T16:31:45.731051Z","level":"info","event":"Command exited with return code 0","filename":"subprocess.py","lineno":103,"logger":"task"}
{"timestamp":"2026-08-22T16:31:45.732455Z","level":"info","event":"Pushing xcom","ti":"RuntimeTaskInstance(id=UUID('01a02a4c-0943-783b-b410-46b6a3c5915a'), task_id='dlt_ingest_raw', dag_id='sqlserver_to_postgres_elt', run_id='scheduled__2026-08-22T00:00:00+00:00', try_number=1, dag_version_id=UUID('01a02a4b-46e7-791a-a7c3-dc85527aa157'), map_index=-1, hostname='56ddbadd0c0f', context_carrier={}, task=<Task(BashOperator): dlt_ingest_raw>, bundle_instance=LocalDagBundle(name=dags-folder), max_tries=0, start_date=datetime.datetime(2026, 8, 22, 16, 27, 1, 601066, tzinfo=datetime.timezone.utc), end_date=None, state=<TaskInstanceState.RUNNING: 'running'>, is_mapped=False, rendered_map_index=None)","logger":"task","filename":"task_runner.py","lineno":1573}
