{"timestamp":"2026-08-22T16:37:49.582050Z","level":"info","event":"DAG bundles loaded: dags-folder","filename":"manager.py","lineno":179,"logger":"task"}
{"timestamp":"2026-08-22T16:37:49.585117Z","level":"info","event":"Filling up the DagBag from /opt/airflow/dags/sqlserver_to_postgres_dag.py","filename":"dagbag.py","lineno":593,"logger":"task"}
{"timestamp":"2026-08-22T16:37:49.622309Z","level":"warning","event":"The `airflow.decorators.dag` attribute is deprecated. Please use `'airflow.sdk.dag'`.","category":"DeprecatedImportWarning","filename":"/opt/airflow/dags/sqlserver_to_postgres_dag.py","lineno":4,"logger":"task"}
{"timestamp":"2026-08-22T16:37:49.622833Z","level":"warning","event":"The `airflow.operators.bash.BashOperator` attribute is deprecated. Please use `'airflow.providers.standard.operators.bash.BashOperator'`.","category":"DeprecatedImportWarning","filename":"/opt/airflow/dags/sqlserver_to_postgres_dag.py","lineno":5,"logger":"task"}
{"timestamp":"2026-08-22T16:37:49.629235Z","level":"info","event":"Stats instance was created in PID 7 but accessed in PID 1462. Re-initializing.","logger":"airflow.stats","filename":"stats.py","lineno":57}
{"timestamp":"2026-08-22T16:37:49.724974Z","level":"info","event":"Tmp dir root location: /tmp","filename":"subprocess.py","lineno":78,"logger":"task"}
{"timestamp":"2026-08-22T16:37:49.728326Z","level":"info","event":"Running command: ['/usr/bin/bash', '-c', 'dbt run --project-dir /opt/airflow/dbt/adventureworks_dwh --profiles-dir /opt/airflow/dbt/adventureworks_dwh --select marts']","filename":"subprocess.py","lineno":80,"logger":"task"}
{"timestamp":"2026-08-22T16:37:49.731907Z","level":"info","event":"Output:","filename":"subprocess.py","lineno":92,"logger":"task"}
{"timestamp":"2026-08-22T16:37:55.405619Z","level":"info","event":"\u001b[0m16:37:55  Running with dbt=1.8.8","filename":"subprocess.py","lineno":99,"logger":"task"}
{"timestamp":"2026-08-22T16:37:56.441705Z","level":"info","event":"\u001b[0m16:37:56  Registered adapter: postgres=1.8.2","filename":"subprocess.py","lineno":99,"logger":"task"}
{"timestamp":"2026-08-22T16:37:58.108727Z","level":"info","event":"\u001b[0m16:37:58  Found 50 models, 24 data tests, 35 sources, 424 macros","filename":"subprocess.py","lineno":99,"logger":"task"}
{"timestamp":"2026-08-22T16:37:58.118515Z","level":"info","event":"\u001b[0m16:37:58","filename":"subprocess.py","lineno":99,"logger":"task"}
{"timestamp":"2026-08-22T16:37:58.934611Z","level":"info","event":"\u001b[0m16:37:58  Concurrency: 4 threads (target='dev')","filename":"subprocess.py","lineno":99,"logger":"task"}
{"timestamp":"2026-08-22T16:37:58.936380Z","level":"info","event":"\u001b[0m16:37:58","filename":"subprocess.py","lineno":99,"logger":"task"}
{"timestamp":"2026-08-22T16:37:58.955389Z","level":"info","event":"\u001b[0m16:37:58  1 of 17 START sql table model mart.dim_currency ................................ [RUN]","filename":"subprocess.py","lineno":99,"logger":"task"}
{"timestamp":"2026-08-22T16:37:58.957919Z","level":"info","event":"\u001b[0m16:37:58  2 of 17 START sql table model mart.dim_date .................................... [RUN]","filename":"subprocess.py","lineno":99,"logger":"task"}
{"timestamp":"2026-08-22T16:37:58.960013Z","level":"info","event":"\u001b[0m16:37:58  3 of 17 START sql table model mart.dim_employee ................................ [RUN]","filename":"subprocess.py","lineno":99,"logger":"task"}
{"timestamp":"2026-08-22T16:37:58.962533Z","level":"info","event":"\u001b[0m16:37:58  4 of 17 START sql table model mart.dim_geography ............................... [RUN]","filename":"subprocess.py","lineno":99,"logger":"task"}
{"timestamp":"2026-08-22T16:38:00.431929Z","level":"info","event":"\u001b[0m16:38:00  2 of 17 OK created sql table model mart.dim_date ............................... [\u001b[32mSELECT 1461\u001b[0m in 1.46s]","filename":"subprocess.py","lineno":99,"logger":"task"}
{"timestamp":"2026-08-22T16:38:00.435005Z","level":"info","event":"\u001b[0m16:38:00  4 of 17 OK created sql table model mart.dim_geography .......................... [\u001b[32mSELECT 683\u001b[0m in 1.46s]","filename":"subprocess.py","lineno":99,"logger":"task"}
{"timestamp":"2026-08-22T16:38:00.438793Z","level":"info","event":"\u001b[0m16:38:00  3 of 17 OK created sql table model mart.dim_employee ........................... [\u001b[32mSELECT 290\u001b[0m in 1.47s]","filename":"subprocess.py","lineno":99,"logger":"task"}
{"timestamp":"2026-08-22T16:38:00.443781Z","level":"info","event":"\u001b[0m16:38:00  1 of 17 OK created sql table model mart.dim_currency ........................... [\u001b[32mSELECT 105\u001b[0m in 1.48s]","filename":"subprocess.py","lineno":99,"logger":"task"}
{"timestamp":"2026-08-22T16:38:00.476098Z","level":"info","event":"\u001b[0m16:38:00  8 of 17 START sql table model mart.dim_promotion ............................... [RUN]","filename":"subprocess.py","lineno":99,"logger":"task"}
{"timestamp":"2026-08-22T16:38:00.479267Z","level":"info","event":"\u001b[0m16:38:00  6 of 17 START sql table model mart.dim_product_category ........................ [RUN]","filename":"subprocess.py","lineno":99,"logger":"task"}
{"timestamp":"2026-08-22T16:38:00.481690Z","level":"info","event":"\u001b[0m16:38:00  7 of 17 START sql table model mart.dim_product_subcategory ..................... [RUN]","filename":"subprocess.py","lineno":99,"logger":"task"}
{"timestamp":"2026-08-22T16:38:00.484129Z","level":"info","event":"\u001b[0m16:38:00  5 of 17 START sql table model mart.dim_product ................................. [RUN]","filename":"subprocess.py","lineno":99,"logger":"task"}
{"timestamp":"2026-08-22T16:38:01.189740Z","level":"info","event":"\u001b[0m16:38:01  8 of 17 OK created sql table model mart.dim_promotion .......................... [\u001b[32mSELECT 16\u001b[0m in 0.70s]","filename":"subprocess.py","lineno":99,"logger":"task"}
{"timestamp":"2026-08-22T16:38:01.194298Z","level":"info","event":"\u001b[0m16:38:01  6 of 17 OK created sql table model mart.dim_product_category ................... [\u001b[32mSELECT 4\u001b[0m in 0.70s]","filename":"subprocess.py","lineno":99,"logger":"task"}
{"timestamp":"2026-08-22T16:38:01.198498Z","level":"info","event":"\u001b[0m16:38:01  7 of 17 OK created sql table model mart.dim_product_subcategory ................ [\u001b[32mSELECT 37\u001b[0m in 0.71s]","filename":"subprocess.py","lineno":99,"logger":"task"}
{"timestamp":"2026-08-22T16:38:01.206329Z","level":"info","event":"\u001b[0m16:38:01  5 of 17 OK created sql table model mart.dim_product ............................ [\u001b[32mSELECT 504\u001b[0m in 0.71s]","filename":"subprocess.py","lineno":99,"logger":"task"}
{"timestamp":"2026-08-22T16:38:01.230165Z","level":"info","event":"\u001b[0m16:38:01  9 of 17 START sql table model mart.dim_sales_reason ............................ [RUN]","filename":"subprocess.py","lineno":99,"logger":"task"}
{"timestamp":"2026-08-22T16:38:01.238114Z","level":"info","event":"\u001b[0m16:38:01  10 of 17 START sql table model mart.dim_sales_territory ........................ [RUN]","filename":"subprocess.py","lineno":99,"logger":"task"}
{"timestamp":"2026-08-22T16:38:01.240726Z","level":"info","event":"\u001b[0m16:38:01  11 of 17 START sql table model mart.fact_currency_rate ......................... [RUN]","filename":"subprocess.py","lineno":99,"logger":"task"}
{"timestamp":"2026-08-22T16:38:01.246756Z","level":"info","event":"\u001b[0m16:38:01  12 of 17 START sql table model mart.fact_internet_sales ........................ [RUN]","filename":"subprocess.py","lineno":99,"logger":"task"}
{"timestamp":"2026-08-22T16:38:01.865178Z","level":"info","event":"\u001b[0m16:38:01  10 of 17 OK created sql table model mart.dim_sales_territory ................... [\u001b[32mSELECT 10\u001b[0m in 0.61s]","filename":"subprocess.py","lineno":99,"logger":"task"}
{"timestamp":"2026-08-22T16:38:01.911445Z","level":"info","event":"\u001b[0m16:38:01  13 of 17 START sql table model mart.fact_product_inventory ..................... [RUN]","filename":"subprocess.py","lineno":99,"logger":"task"}
{"timestamp":"2026-08-22T16:38:01.955378Z","level":"info","event":"\u001b[0m16:38:01  9 of 17 OK created sql table model mart.dim_sales_reason ....................... [\u001b[32mSELECT 10\u001b[0m in 0.71s]","filename":"subprocess.py","lineno":99,"logger":"task"}
{"timestamp":"2026-08-22T16:38:02.021098Z","level":"info","event":"\u001b[0m16:38:02  14 of 17 START sql table model mart.fact_reseller_sales ........................ [RUN]","filename":"subprocess.py","lineno":99,"logger":"task"}
{"timestamp":"2026-08-22T16:38:02.116288Z","level":"info","event":"\u001b[0m16:38:02  11 of 17 OK created sql table model mart.fact_currency_rate .................... [\u001b[32mSELECT 13532\u001b[0m in 0.86s]","filename":"subprocess.py","lineno":99,"logger":"task"}
{"timestamp":"2026-08-22T16:38:02.148090Z","level":"info","event":"\u001b[0m16:38:02  15 of 17 START sql table model mart.fact_sales_quota ........................... [RUN]","filename":"subprocess.py","lineno":99,"logger":"task"}
{"timestamp":"2026-08-22T16:38:02.510335Z","level":"info","event":"\u001b[0m16:38:02  13 of 17 OK created sql table model mart.fact_product_inventory ................ [\u001b[32mSELECT 1069\u001b[0m in 0.57s]","filename":"subprocess.py","lineno":99,"logger":"task"}
{"timestamp":"2026-08-22T16:38:02.538914Z","level":"info","event":"\u001b[0m16:38:02  16 of 17 START sql table model mart.dim_customer ............................... [RUN]","filename":"subprocess.py","lineno":99,"logger":"task"}
{"timestamp":"2026-08-22T16:38:02.724909Z","level":"info","event":"\u001b[0m16:38:02  15 of 17 OK created sql table model mart.fact_sales_quota ...................... [\u001b[32mSELECT 163\u001b[0m in 0.56s]","filename":"subprocess.py","lineno":99,"logger":"task"}
{"timestamp":"2026-08-22T16:38:02.739684Z","level":"info","event":"\u001b[0m16:38:02  17 of 17 START sql table model mart.dim_reseller ............................... [RUN]","filename":"subprocess.py","lineno":99,"logger":"task"}
{"timestamp":"2026-08-22T16:38:03.224366Z","level":"info","event":"\u001b[0m16:38:03  17 of 17 OK created sql table model mart.dim_reseller .......................... [\u001b[32mSELECT 701\u001b[0m in 0.48s]","filename":"subprocess.py","lineno":99,"logger":"task"}
{"timestamp":"2026-08-22T16:38:03.595796Z","level":"info","event":"\u001b[0m16:38:03  16 of 17 OK created sql table model mart.dim_customer .......................... [\u001b[32mSELECT 18484\u001b[0m in 1.04s]","filename":"subprocess.py","lineno":99,"logger":"task"}
{"timestamp":"2026-08-22T16:38:04.492635Z","level":"info","event":"\u001b[0m16:38:04  12 of 17 OK created sql table model mart.fact_internet_sales ................... [\u001b[32mSELECT 60398\u001b[0m in 3.23s]","filename":"subprocess.py","lineno":99,"logger":"task"}
{"timestamp":"2026-08-22T16:38:05.128771Z","level":"info","event":"\u001b[0m16:38:05  14 of 17 OK created sql table model mart.fact_reseller_sales ................... [\u001b[32mSELECT 60919\u001b[0m in 3.07s]","filename":"subprocess.py","lineno":99,"logger":"task"}
{"timestamp":"2026-08-22T16:38:05.202106Z","level":"info","event":"\u001b[0m16:38:05","filename":"subprocess.py","lineno":99,"logger":"task"}
{"timestamp":"2026-08-22T16:38:05.204127Z","level":"info","event":"\u001b[0m16:38:05  Finished running 17 table models in 0 hours 0 minutes and 7.08 seconds (7.08s).","filename":"subprocess.py","lineno":99,"logger":"task"}
{"timestamp":"2026-08-22T16:38:05.521244Z","level":"info","event":"\u001b[0m16:38:05","filename":"subprocess.py","lineno":99,"logger":"task"}
{"timestamp":"2026-08-22T16:38:05.524718Z","level":"info","event":"\u001b[0m16:38:05  \u001b[32mCompleted successfully\u001b[0m","filename":"subprocess.py","lineno":99,"logger":"task"}
{"timestamp":"2026-08-22T16:38:05.526704Z","level":"info","event":"\u001b[0m16:38:05","filename":"subprocess.py","lineno":99,"logger":"task"}
{"timestamp":"2026-08-22T16:38:05.529009Z","level":"info","event":"\u001b[0m16:38:05  Done. PASS=17 WARN=0 ERROR=0 SKIP=0 TOTAL=17","filename":"subprocess.py","lineno":99,"logger":"task"}
{"timestamp":"2026-08-22T16:38:06.291687Z","level":"info","event":"Command exited with return code 0","filename":"subprocess.py","lineno":103,"logger":"task"}
{"timestamp":"2026-08-22T16:38:06.293037Z","level":"info","event":"Pushing xcom","ti":"RuntimeTaskInstance(id=UUID('01a02a4c-2da6-7961-a4e8-c4c3e7919f68'), task_id='dbt_run_marts', dag_id='sqlserver_to_postgres_elt', run_id='manual__2026-08-22T16:27:10.529966+00:00', try_number=1, dag_version_id=UUID('01a02a4b-46e7-791a-a7c3-dc85527aa157'), map_index=-1, hostname='56ddbadd0c0f', context_carrier={}, task=<Task(BashOperator): dbt_run_marts>, bundle_instance=LocalDagBundle(name=dags-folder), max_tries=0, start_date=datetime.datetime(2026, 8, 22, 16, 37, 49, 486381, tzinfo=datetime.timezone.utc), end_date=None, state=<TaskInstanceState.RUNNING: 'running'>, is_mapped=False, rendered_map_index=None)","logger":"task","filename":"task_runner.py","lineno":1573}
